####### 2020-02-02 14:29:49 #######
$ echo $PWD
/var/www/Southwood-WEB/api/git
$ whoami
www-data
$ git pull
From https://github.com/jeppevinkel/Southwood-WEB
   a69eb2f..33157c0  master     -> origin/master
 * [new branch]      production -> origin/production
Updating a69eb2f..33157c0
Fast-forward
 frontend/index.php | 1 +
 1 file changed, 1 insertion(+)
$ git status
On branch master
Your branch is up to date with 'origin/master'.

Untracked files:
  (use "git add <file>..." to include in what will be committed)

	./

nothing added to commit but untracked files present (use "git add" to track)
$ git submodule sync

$ git submodule update

$ git submodule status


####### 2020-02-02 14:31:39 #######
$ echo $PWD
/var/www/Southwood-WEB/api/git
$ whoami
www-data
$ git pull
From https://github.com/jeppevinkel/Southwood-WEB
   33157c0..6fbec1f  master     -> origin/master
Updating 33157c0..6fbec1f
Fast-forward
 frontend/index.php | 2 +-
 1 file changed, 1 insertion(+), 1 deletion(-)
$ git status
On branch master
Your branch is up to date with 'origin/master'.

Untracked files:
  (use "git add <file>..." to include in what will be committed)

	./

nothing added to commit but untracked files present (use "git add" to track)
$ git submodule sync

$ git submodule update

$ git submodule status


####### 2020-02-02 14:47:14 #######
$ echo $PWD
/var/www/Southwood-WEB/api/git
$ whoami
www-data
$ git pull
From https://github.com/jeppevinkel/Southwood-WEB
   6fbec1f..abd0e3d  master     -> origin/master
Already up to date.
$ git status
On branch production
Your branch is up to date with 'origin/production'.

Untracked files:
  (use "git add <file>..." to include in what will be committed)

	./

nothing added to commit but untracked files present (use "git add" to track)
$ git submodule sync

$ git submodule update

$ git submodule status


####### 2020-02-02 14:48:53 #######
$ echo $PWD
/var/www/Southwood-WEB/api/git
$ whoami
www-data
$ git pull
From https://github.com/jeppevinkel/Southwood-WEB
   a69eb2f..f06211a  production -> origin/production
fatal: update_ref failed for ref 'HEAD': cannot update the ref 'refs/heads/production': unable to append to '.git/logs/refs/heads/production': Permission denied
Updating a69eb2f..f06211a
Fast-forward
$ git status
On branch production
Your branch is behind 'origin/production' by 5 commits, and can be fast-forwarded.
  (use "git pull" to update your local branch)

Changes to be committed:
  (use "git reset HEAD <file>..." to unstage)

	modified:   ../../frontend/index.php

Untracked files:
  (use "git add <file>..." to include in what will be committed)

	./
$ git submodule sync

$ git submodule update

$ git submodule status


####### 2020-02-02 15:44:15 #######
$ echo $PWD
/var/www/Southwood-WEB/api/git
$ whoami
www-data
$ git pull
From https://github.com/jeppevinkel/Southwood-WEB
   abd0e3d..7326f04  master     -> origin/master
fatal: update_ref failed for ref 'HEAD': cannot update the ref 'refs/heads/production': unable to append to '.git/logs/refs/heads/production': Permission denied
Updating a69eb2f..f06211a
Fast-forward
$ git status
On branch production
Your branch is behind 'origin/production' by 5 commits, and can be fast-forwarded.
  (use "git pull" to update your local branch)

Changes to be committed:
  (use "git reset HEAD <file>..." to unstage)

	modified:   ../../frontend/index.php

Untracked files:
  (use "git add <file>..." to include in what will be committed)

	./
$ git submodule sync

$ git submodule update

$ git submodule status


####### 2020-02-02 15:45:51 #######
$ echo $PWD
/var/www/Southwood-WEB/api/git
$ whoami
www-data
$ git pull
From https://github.com/jeppevinkel/Southwood-WEB
   f06211a..3660110  production -> origin/production
error: Your local changes to the following files would be overwritten by merge:
	frontend/index.php
Please commit your changes or stash them before you merge.
Aborting
Updating a69eb2f..3660110
$ git status
On branch production
Your branch is behind 'origin/production' by 7 commits, and can be fast-forwarded.
  (use "git pull" to update your local branch)

Changes to be committed:
  (use "git reset HEAD <file>..." to unstage)

	modified:   ../../frontend/index.php

Untracked files:
  (use "git add <file>..." to include in what will be committed)

	./
$ git submodule sync

$ git submodule update

$ git submodule status


####### 2020-02-02 15:53:13 #######
$ echo $PWD
/var/www/Southwood-WEB/api/git
$ whoami
www-data
$ git pull
From https://github.com/jeppevinkel/Southwood-WEB
   7326f04..66fdd5e  master     -> origin/master
error: Your local changes to the following files would be overwritten by merge:
	frontend/index.php
Please commit your changes or stash them before you merge.
Aborting
Updating a69eb2f..3660110
$ git status
On branch production
Your branch is behind 'origin/production' by 7 commits, and can be fast-forwarded.
  (use "git pull" to update your local branch)

Changes to be committed:
  (use "git reset HEAD <file>..." to unstage)

	modified:   ../../frontend/index.php

Untracked files:
  (use "git add <file>..." to include in what will be committed)

	./
$ git submodule sync

$ git submodule update

$ git submodule status


####### 2020-02-02 15:54:05 #######
$ echo $PWD
/var/www/Southwood-WEB/api/git
$ whoami
www-data
$ git pull
From https://github.com/jeppevinkel/Southwood-WEB
   3660110..eaa6bbf  production -> origin/production
error: Your local changes to the following files would be overwritten by merge:
	frontend/index.php
Please commit your changes or stash them before you merge.
Aborting
Updating a69eb2f..eaa6bbf
$ git status
On branch production
Your branch is behind 'origin/production' by 9 commits, and can be fast-forwarded.
  (use "git pull" to update your local branch)

Changes to be committed:
  (use "git reset HEAD <file>..." to unstage)

	modified:   ../../frontend/index.php

Untracked files:
  (use "git add <file>..." to include in what will be committed)

	./
$ git submodule sync

$ git submodule update

$ git submodule status


####### 2020-02-02 16:10:09 #######
$ echo $PWD
/var/www/Southwood-WEB/api/git
$ whoami
www-data
$ git pull
From https://github.com/jeppevinkel/Southwood-WEB
   66fdd5e..50bd937  master     -> origin/master
error: Your local changes to the following files would be overwritten by merge:
	frontend/index.php
Please commit your changes or stash them before you merge.
Aborting
Updating a69eb2f..eaa6bbf
$ git status
On branch production
Your branch is behind 'origin/production' by 9 commits, and can be fast-forwarded.
  (use "git pull" to update your local branch)

Changes to be committed:
  (use "git reset HEAD <file>..." to unstage)

	modified:   ../../frontend/index.php

Untracked files:
  (use "git add <file>..." to include in what will be committed)

	./
$ git submodule sync

$ git submodule update

$ git submodule status


####### 2020-02-02 16:26:54 #######
$ echo $PWD
/var/www/Southwood-WEB/api/git
$ whoami
www-data
$ git pull
From https://github.com/jeppevinkel/Southwood-WEB
   50bd937..9cf1131  master     -> origin/master
error: Your local changes to the following files would be overwritten by merge:
	frontend/index.php
Please commit your changes or stash them before you merge.
Aborting
Updating a69eb2f..eaa6bbf
$ git status
On branch production
Your branch is behind 'origin/production' by 9 commits, and can be fast-forwarded.
  (use "git pull" to update your local branch)

Changes to be committed:
  (use "git reset HEAD <file>..." to unstage)

	modified:   ../../frontend/index.php

Untracked files:
  (use "git add <file>..." to include in what will be committed)

	./
$ git submodule sync

$ git submodule update

$ git submodule status


####### 2020-02-02 16:28:38 #######
$ echo $PWD
/var/www/Southwood-WEB/api/git
$ whoami
www-data
$ git pull
From https://github.com/jeppevinkel/Southwood-WEB
   eaa6bbf..c64a8e2  production -> origin/production
error: Your local changes to the following files would be overwritten by merge:
	frontend/index.php
Please commit your changes or stash them before you merge.
Aborting
Updating a69eb2f..c64a8e2
$ git status
On branch production
Your branch is behind 'origin/production' by 12 commits, and can be fast-forwarded.
  (use "git pull" to update your local branch)

Changes to be committed:
  (use "git reset HEAD <file>..." to unstage)

	modified:   ../../frontend/index.php

Untracked files:
  (use "git add <file>..." to include in what will be committed)

	./
$ git submodule sync

$ git submodule update

$ git submodule status


####### 2020-02-02 16:29:02 #######
$ echo $PWD
/var/www/Southwood-WEB/api/git
$ whoami
www-data
$ git pull
From https://github.com/jeppevinkel/Southwood-WEB
   9cf1131..1611608  master     -> origin/master
error: Your local changes to the following files would be overwritten by merge:
	frontend/index.php
Please commit your changes or stash them before you merge.
Aborting
Updating a69eb2f..c64a8e2
$ git status
On branch production
Your branch is behind 'origin/production' by 12 commits, and can be fast-forwarded.
  (use "git pull" to update your local branch)

Changes to be committed:
  (use "git reset HEAD <file>..." to unstage)

	modified:   ../../frontend/index.php

Untracked files:
  (use "git add <file>..." to include in what will be committed)

	./
$ git submodule sync

$ git submodule update

$ git submodule status


####### 2020-02-02 16:38:10 #######
$ echo $PWD
/var/www/Southwood-WEB/api/git
$ whoami
www-data
$ git pull
Updating a69eb2f..c64a8e2
Fast-forward
 api/images/jeppdevlogo.png | Bin 7682 -> 0 bytes
 api/images/logo.ico        | Bin 0 -> 103886 bytes
 api/index.php              |   7 ++++---
 frontend/images/logo.ico   | Bin 0 -> 103886 bytes
 frontend/images/logo.png   | Bin 0 -> 8131 bytes
 frontend/index.html        |  36 ++++++++++++++++++++++++++++++++++++
 frontend/index.php         |   5 -----
 7 files changed, 40 insertions(+), 8 deletions(-)
 delete mode 100644 api/images/jeppdevlogo.png
 create mode 100644 api/images/logo.ico
 create mode 100644 frontend/images/logo.ico
 create mode 100644 frontend/images/logo.png
 create mode 100644 frontend/index.html
 delete mode 100644 frontend/index.php
$ git status
On branch production
Your branch is up to date with 'origin/production'.

Untracked files:
  (use "git add <file>..." to include in what will be committed)

	./

nothing added to commit but untracked files present (use "git add" to track)
$ git submodule sync

$ git submodule update

$ git submodule status


####### 2020-02-02 17:42:22 #######
$ echo $PWD
/var/www/Southwood-WEB/api/git
$ whoami
www-data
$ git pull
From https://github.com/jeppevinkel/Southwood-WEB
   c64a8e2..44b0e71  production -> origin/production
   1611608..a485052  master     -> origin/master
Updating c64a8e2..44b0e71
Fast-forward
 frontend/browser/index.php      |  92 +++++++++++++++++++++++++++
 frontend/browser/scpsl.png      | Bin 0 -> 18417 bytes
 frontend/browser/stylesheet.css | 134 ++++++++++++++++++++++++++++++++++++++++
 3 files changed, 226 insertions(+)
 create mode 100644 frontend/browser/index.php
 create mode 100644 frontend/browser/scpsl.png
 create mode 100644 frontend/browser/stylesheet.css
$ git status
On branch production
Your branch is up to date with 'origin/production'.

Untracked files:
  (use "git add <file>..." to include in what will be committed)

	./

nothing added to commit but untracked files present (use "git add" to track)
$ git submodule sync

$ git submodule update

$ git submodule status


####### 2020-02-02 17:44:47 #######
$ echo $PWD
/var/www/Southwood-WEB/api/git
$ whoami
www-data
$ git pull
From https://github.com/jeppevinkel/Southwood-WEB
   44b0e71..8565014  production -> origin/production
Updating 44b0e71..8565014
Fast-forward
 frontend/browser/index.php | 10 ++++++++++
 1 file changed, 10 insertions(+)
$ git status
On branch production
Your branch is up to date with 'origin/production'.

Untracked files:
  (use "git add <file>..." to include in what will be committed)

	./

nothing added to commit but untracked files present (use "git add" to track)
$ git submodule sync

$ git submodule update

$ git submodule status


####### 2020-02-02 17:46:33 #######
$ echo $PWD
/var/www/Southwood-WEB/api/git
$ whoami
www-data
$ git pull
From https://github.com/jeppevinkel/Southwood-WEB
   8565014..36848b5  production -> origin/production
Updating 8565014..36848b5
Fast-forward
 frontend/browser/index.php | 6 +++++-
 1 file changed, 5 insertions(+), 1 deletion(-)
$ git status
On branch production
Your branch is up to date with 'origin/production'.

Untracked files:
  (use "git add <file>..." to include in what will be committed)

	./

nothing added to commit but untracked files present (use "git add" to track)
$ git submodule sync

$ git submodule update

$ git submodule status


####### 2020-02-02 17:57:05 #######
$ echo $PWD
/var/www/Southwood-WEB/api/git
$ whoami
www-data
$ git pull
error: insufficient permission for adding an object to repository database .git/objects
fatal: failed to write object
fatal: unpack-objects failed
$ git status
On branch production
Your branch is up to date with 'origin/production'.

Untracked files:
  (use "git add <file>..." to include in what will be committed)

	./

nothing added to commit but untracked files present (use "git add" to track)
$ git submodule sync

$ git submodule update

$ git submodule status


####### 2020-02-02 18:02:07 #######
$ echo $PWD
/var/www/Southwood-WEB/api/git
$ whoami
www-data
$ git pull
error: insufficient permission for adding an object to repository database .git/objects
fatal: failed to write object
fatal: unpack-objects failed
$ git status
On branch production
Your branch is up to date with 'origin/production'.

Untracked files:
  (use "git add <file>..." to include in what will be committed)

	./

nothing added to commit but untracked files present (use "git add" to track)
$ git submodule sync

$ git submodule update

$ git submodule status


####### 2020-02-02 18:11:46 #######
$ echo $PWD
/var/www/Southwood-WEB/api/git
$ whoami
www-data
$ git pull
error: insufficient permission for adding an object to repository database .git/objects
fatal: failed to write object
fatal: unpack-objects failed
$ git status
On branch production
Your branch is up to date with 'origin/production'.

Untracked files:
  (use "git add <file>..." to include in what will be committed)

	./

nothing added to commit but untracked files present (use "git add" to track)
$ git submodule sync

$ git submodule update

$ git submodule status


####### 2020-02-02 19:43:31 #######
$ echo $PWD
/var/www/Southwood-WEB/api/git
$ whoami
www-data
$ git pull
error: insufficient permission for adding an object to repository database .git/objects
fatal: failed to write object
fatal: unpack-objects failed
$ git status
On branch production
Your branch is up to date with 'origin/production'.

Untracked files:
  (use "git add <file>..." to include in what will be committed)

	./
	../../frontend/test/

nothing added to commit but untracked files present (use "git add" to track)
$ git submodule sync

$ git submodule update

$ git submodule status


####### 2020-02-02 21:42:40 #######
$ echo $PWD
/var/www/Southwood-WEB/api/git
$ whoami
www-data
$ git pull
error: insufficient permission for adding an object to repository database .git/objects
fatal: failed to write object
fatal: unpack-objects failed
$ git status
On branch production
Your branch is up to date with 'origin/production'.

Untracked files:
  (use "git add <file>..." to include in what will be committed)

	./
	../../frontend/test/

nothing added to commit but untracked files present (use "git add" to track)
$ git submodule sync

$ git submodule update

$ git submodule status


####### 2020-02-02 23:38:29 #######
$ echo $PWD
/var/www/Southwood-WEB/api/git
$ whoami
www-data
$ git pull
From https://github.com/jeppevinkel/Southwood-WEB
   53b9274..2288204  production -> origin/production
Updating 53b9274..2288204
Fast-forward
 frontend/browser/index.php | 66 +++++++++++++++++++++++++++++++++++++++++++++-
 1 file changed, 65 insertions(+), 1 deletion(-)
$ git status
On branch production
Your branch is up to date with 'origin/production'.

Untracked files:
  (use "git add <file>..." to include in what will be committed)

	./
	../../frontend/test/

nothing added to commit but untracked files present (use "git add" to track)
$ git submodule sync

$ git submodule update

$ git submodule status


